>! ----------------------------------------------------
#^^^^^^^^^^^^^^^^^^^^^^^^^^^^^^^^^^^^^^^^^^^^^^^^^^^^^^ source.psg comment.line.exclamation.glossomathia
>! Το πρόγραμμα ζητάει τιμές για έναν πίνακα Π και μια
#^^^^^^^^^^^^^^^^^^^^^^^^^^^^^^^^^^^^^^^^^^^^^^^^^^^^^ source.psg comment.line.exclamation.glossomathia
>! τιμή προς αναζήτηση. Στη συνέχεια εμφανίζει σε ποια
#^^^^^^^^^^^^^^^^^^^^^^^^^^^^^^^^^^^^^^^^^^^^^^^^^^^^^ source.psg comment.line.exclamation.glossomathia
>! θέση υπάρχει ή ζητούμενη τιμή (αν υπάρχει).
#^^^^^^^^^^^^^^^^^^^^^^^^^^^^^^^^^^^^^^^^^^^^^ source.psg comment.line.exclamation.glossomathia
>! ----------------------------------------------------
#^^^^^^^^^^^^^^^^^^^^^^^^^^^^^^^^^^^^^^^^^^^^^^^^^^^^^^ source.psg comment.line.exclamation.glossomathia
>
>ΔΙΑΔΙΚΑΣΙΑ Διπλασίασε(τιμή)
#^^^^^^^^^^ source.psg keyword.other.subprogram.glossomathia
#          ^ source.psg
#           ^^^^^^^^^^ source.psg entity.name.function.glossomathia
#                     ^ source.psg punctuation.section.group.begin.glossomathia
#                      ^^^^ source.psg variable.parameter.glossomathia
#                          ^ source.psg punctuation.section.group.end.glossomathia
>ΜΕΤΑΒΛΗΤΕΣ
#^^^^^^^^^^ source.psg keyword.other.program.glossomathia
>  ΑΚΕΡΑΙΕΣ: τιμή
#^^ source.psg
#  ^^^^^^^^ source.psg storage.type.glossomathia
#          ^ source.psg punctuation.separator.colon.glossomathia
#           ^ source.psg
#            ^^^^ source.psg variable.other.glossomathia
>ΑΡΧΗ
#^^^^ source.psg keyword.other.program.glossomathia
>  τιμή <-- 2 * τιμή
#^^ source.psg
#  ^^^^ source.psg variable.other.glossomathia
#      ^ source.psg
#       ^^^ source.psg keyword.operator.assignment.glossomathia
#          ^ source.psg
#           ^ source.psg constant.numeric.integer.glossomathia
#            ^ source.psg
#             ^ source.psg keyword.operator.arithmetic.glossomathia
#              ^ source.psg
#               ^^^^ source.psg variable.other.glossomathia
>ΤΕΛΟΣ_ΔΙΑΔΙΚΑΣΙΑΣ
#^^^^^^^^^^^^^^^^^ source.psg keyword.other.subprogram.glossomathia
>
>ΣΥΝΑΡΤΗΣΗ Κύβος(τιμή): ΑΚΕΡΑΙΑ
#^^^^^^^^^ source.psg keyword.other.subprogram.glossomathia
#         ^ source.psg
#          ^^^^^ source.psg entity.name.function.glossomathia
#               ^ source.psg punctuation.section.group.begin.glossomathia
#                ^^^^ source.psg variable.parameter.glossomathia
#                    ^ source.psg punctuation.section.group.end.glossomathia
#                     ^ source.psg punctuation.separator.colon.glossomathia
#                      ^ source.psg
#                       ^^^^^^^ source.psg storage.type.glossomathia
>ΜΕΤΑΒΛΗΤΕΣ
#^^^^^^^^^^ source.psg keyword.other.program.glossomathia
>  ΑΚΕΡΑΙΕΣ: τιμή
#^^ source.psg
#  ^^^^^^^^ source.psg storage.type.glossomathia
#          ^ source.psg punctuation.separator.colon.glossomathia
#           ^ source.psg
#            ^^^^ source.psg variable.other.glossomathia
>ΑΡΧΗ
#^^^^ source.psg keyword.other.program.glossomathia
>  Κύβος <-- τιμή^3
#^^ source.psg
#  ^^^^^ source.psg variable.other.glossomathia
#       ^ source.psg
#        ^^^ source.psg keyword.operator.assignment.glossomathia
#           ^ source.psg
#            ^^^^ source.psg variable.other.glossomathia
#                ^ source.psg keyword.operator.arithmetic.glossomathia
#                 ^ source.psg constant.numeric.integer.glossomathia
>ΤΕΛΟΣ_ΣΥΝΑΡΤΗΣΗΣ
#^^^^^^^^^^^^^^^^ source.psg keyword.other.subprogram.glossomathia
>
>ΠΡΟΓΡΑΜΜΑ Εύρεση_τιμής_σε_πίνακα
#^^^^^^^^^ source.psg keyword.other.program.glossomathia
#         ^ source.psg
#          ^^^^^^^^^^^^^^^^^^^^^^ source.psg variable.other.glossomathia
>
>ΣΤΑΘΕΡΕΣ
#^^^^^^^^ source.psg keyword.other.program.glossomathia
>  Ν=10
#^^ source.psg
#  ^ source.psg variable.other.glossomathia
#   ^ source.psg keyword.operator.comparison.glossomathia
#    ^^ source.psg constant.numeric.integer.glossomathia
>  ΠΙ=3.14
#^^ source.psg
#  ^^ source.psg variable.other.glossomathia
#    ^ source.psg keyword.operator.comparison.glossomathia
#     ^^^^ source.psg constant.numeric.float.glossomathia
>  ΜΗΝΥΜΑ='Βασική σύνταξη'
#^^ source.psg
#  ^^^^^^ source.psg variable.other.glossomathia
#        ^ source.psg keyword.operator.comparison.glossomathia
#         ^ source.psg string.quoted.single.glossomathia punctuation.definition.string.begin.glossomathia
#          ^^^^^^^^^^^^^^ source.psg string.quoted.single.glossomathia string.quoted.single.glossomathia
#                        ^ source.psg string.quoted.single.glossomathia punctuation.definition.string.end.glossomathia
>  ΕΝΕΡΓΟ=ΑΛΗΘΗΣ
#^^ source.psg
#  ^^^^^^ source.psg variable.other.glossomathia
#        ^ source.psg keyword.operator.comparison.glossomathia
#         ^^^^^^ source.psg constant.language.boolean.glossomathia
>
>ΜΕΤΑΒΛΗΤΕΣ
#^^^^^^^^^^ source.psg keyword.other.program.glossomathia
>  ΑΚΕΡΑΙΕΣ: ζητ_τιμή, θέση, Π[Ν], i, α, β, αποτέλεσμα
#^^ source.psg
#  ^^^^^^^^ source.psg storage.type.glossomathia
#          ^ source.psg punctuation.separator.colon.glossomathia
#           ^ source.psg
#            ^^^^^^^^ source.psg variable.other.glossomathia
#                    ^ source.psg punctuation.separator.comma.glossomathia
#                     ^ source.psg
#                      ^^^^ source.psg variable.other.glossomathia
#                          ^ source.psg punctuation.separator.comma.glossomathia
#                           ^ source.psg
#                            ^ source.psg variable.other.glossomathia
#                             ^ source.psg punctuation.definition.array.begin.glossomathia
#                              ^ source.psg variable.other.glossomathia
#                               ^ source.psg punctuation.definition.array.end.glossomathia
#                                ^ source.psg punctuation.separator.comma.glossomathia
#                                 ^ source.psg
#                                  ^ source.psg variable.other.glossomathia
#                                   ^ source.psg punctuation.separator.comma.glossomathia
#                                    ^ source.psg
#                                     ^ source.psg variable.other.glossomathia
#                                      ^ source.psg punctuation.separator.comma.glossomathia
#                                       ^ source.psg
#                                        ^ source.psg variable.other.glossomathia
#                                         ^ source.psg punctuation.separator.comma.glossomathia
#                                          ^ source.psg
#                                           ^^^^^^^^^^ source.psg variable.other.glossomathia
>  ΠΡΑΓΜΑΤΙΚΕΣ: x, y, z
#^^ source.psg
#  ^^^^^^^^^^^ source.psg storage.type.glossomathia
#             ^ source.psg punctuation.separator.colon.glossomathia
#              ^ source.psg
#               ^ source.psg variable.other.glossomathia
#                ^ source.psg punctuation.separator.comma.glossomathia
#                 ^ source.psg
#                  ^ source.psg variable.other.glossomathia
#                   ^ source.psg punctuation.separator.comma.glossomathia
#                    ^ source.psg
#                     ^ source.psg variable.other.glossomathia
>  ΧΑΡΑΚΤΗΡΕΣ: όνομα, κείμενο
#^^ source.psg
#  ^^^^^^^^^^ source.psg storage.type.glossomathia
#            ^ source.psg punctuation.separator.colon.glossomathia
#             ^ source.psg
#              ^^^^^ source.psg variable.other.glossomathia
#                   ^ source.psg punctuation.separator.comma.glossomathia
#                    ^ source.psg
#                     ^^^^^^^ source.psg variable.other.glossomathia
>  ΛΟΓΙΚΕΣ: βρέθηκε, έγκυρο
#^^ source.psg
#  ^^^^^^^ source.psg storage.type.glossomathia
#         ^ source.psg punctuation.separator.colon.glossomathia
#          ^ source.psg
#           ^^^^^^^ source.psg variable.other.glossomathia
#                  ^ source.psg punctuation.separator.comma.glossomathia
#                   ^ source.psg
#                    ^^^^^^ source.psg variable.other.glossomathia
>
>ΑΡΧΗ
#^^^^ source.psg keyword.other.program.glossomathia
>
>  ΓΙΑ i ΑΠΟ 1 ΜΕΧΡΙ Ν
#^^ source.psg
#  ^^^ source.psg keyword.control.loop.glossomathia
#     ^ source.psg
#      ^ source.psg variable.other.glossomathia
#       ^ source.psg
#        ^^^ source.psg keyword.control.loop.glossomathia
#           ^ source.psg
#            ^ source.psg constant.numeric.integer.glossomathia
#             ^ source.psg
#              ^^^^^ source.psg keyword.control.loop.glossomathia
#                   ^ source.psg
#                    ^ source.psg variable.other.glossomathia
>    ΓΡΑΨΕ 'Δώσε την', i, 'η τιμή του πίνακα:'
#^^^^ source.psg
#    ^^^^^ source.psg support.function.io.glossomathia
#         ^ source.psg
#          ^ source.psg string.quoted.single.glossomathia punctuation.definition.string.begin.glossomathia
#           ^^^^^^^^ source.psg string.quoted.single.glossomathia string.quoted.single.glossomathia
#                   ^ source.psg string.quoted.single.glossomathia punctuation.definition.string.end.glossomathia
#                    ^ source.psg punctuation.separator.comma.glossomathia
#                     ^ source.psg
#                      ^ source.psg variable.other.glossomathia
#                       ^ source.psg punctuation.separator.comma.glossomathia
#                        ^ source.psg
#                         ^ source.psg string.quoted.single.glossomathia punctuation.definition.string.begin.glossomathia
#                          ^^^^^^^^^^^^^^^^^^ source.psg string.quoted.single.glossomathia string.quoted.single.glossomathia
#                                            ^ source.psg string.quoted.single.glossomathia punctuation.definition.string.end.glossomathia
>    ΔΙΑΒΑΣΕ Π[i]
#^^^^ source.psg
#    ^^^^^^^ source.psg support.function.io.glossomathia
#           ^ source.psg
#            ^ source.psg variable.other.glossomathia
#             ^ source.psg punctuation.definition.array.begin.glossomathia
#              ^ source.psg variable.other.glossomathia
#               ^ source.psg punctuation.definition.array.end.glossomathia
>  ΤΕΛΟΣ_ΕΠΑΝΑΛΗΨΗΣ
#^^ source.psg
#  ^^^^^^^^^^^^^^^^ source.psg keyword.control.loop.glossomathia
>
>  ΓΡΑΨΕ 'Δώσε την τιμή που αναζητάς:'
#^^ source.psg
#  ^^^^^ source.psg support.function.io.glossomathia
#       ^ source.psg
#        ^ source.psg string.quoted.single.glossomathia punctuation.definition.string.begin.glossomathia
#         ^^^^^^^^^^^^^^^^^^^^^^^^^^^ source.psg string.quoted.single.glossomathia string.quoted.single.glossomathia
#                                    ^ source.psg string.quoted.single.glossomathia punctuation.definition.string.end.glossomathia
>  ΔΙΑΒΑΣΕ ζητ_τιμή
#^^ source.psg
#  ^^^^^^^ source.psg support.function.io.glossomathia
#         ^ source.psg
#          ^^^^^^^^ source.psg variable.other.glossomathia
>
>  βρέθηκε <-- ΨΕΥΔΗΣ
#^^ source.psg
#  ^^^^^^^ source.psg variable.other.glossomathia
#         ^ source.psg
#          ^^^ source.psg keyword.operator.assignment.glossomathia
#             ^ source.psg
#              ^^^^^^ source.psg constant.language.boolean.glossomathia
>  i <-- 1
#^^ source.psg
#  ^ source.psg variable.other.glossomathia
#   ^ source.psg
#    ^^^ source.psg keyword.operator.assignment.glossomathia
#       ^ source.psg
#        ^ source.psg constant.numeric.integer.glossomathia
>  ΟΣΟ βρέθηκε=ΨΕΥΔΗΣ ΚΑΙ i<=Ν ΕΠΑΝΑΛΑΒΕ
#^^ source.psg
#  ^^^ source.psg keyword.control.loop.glossomathia
#     ^ source.psg
#      ^^^^^^^ source.psg variable.other.glossomathia
#             ^ source.psg keyword.operator.comparison.glossomathia
#              ^^^^^^ source.psg constant.language.boolean.glossomathia
#                    ^ source.psg
#                     ^^^ source.psg keyword.operator.word.glossomathia
#                        ^ source.psg
#                         ^ source.psg variable.other.glossomathia
#                          ^^ source.psg keyword.operator.comparison.glossomathia
#                            ^ source.psg variable.other.glossomathia
#                             ^ source.psg
#                              ^^^^^^^^^ source.psg keyword.control.loop.glossomathia
>    ΑΝ Π[i]=ζητ_τιμή ΤΟΤΕ
#^^^^ source.psg
#    ^^ source.psg keyword.control.conditional.glossomathia
#      ^ source.psg
#       ^ source.psg variable.other.glossomathia
#        ^ source.psg punctuation.definition.array.begin.glossomathia
#         ^ source.psg variable.other.glossomathia
#          ^ source.psg punctuation.definition.array.end.glossomathia
#           ^ source.psg keyword.operator.comparison.glossomathia
#            ^^^^^^^^ source.psg variable.other.glossomathia
#                    ^ source.psg
#                     ^^^^ source.psg keyword.control.conditional.glossomathia
>      βρέθηκε <-- ΑΛΗΘΗΣ
#^^^^^^ source.psg
#      ^^^^^^^ source.psg variable.other.glossomathia
#             ^ source.psg
#              ^^^ source.psg keyword.operator.assignment.glossomathia
#                 ^ source.psg
#                  ^^^^^^ source.psg constant.language.boolean.glossomathia
>      θέση <-- i
#^^^^^^ source.psg
#      ^^^^ source.psg variable.other.glossomathia
#          ^ source.psg
#           ^^^ source.psg keyword.operator.assignment.glossomathia
#              ^ source.psg
#               ^ source.psg variable.other.glossomathia
>    ΑΛΛΙΩΣ
#^^^^ source.psg
#    ^^^^^^ source.psg keyword.control.conditional.glossomathia
>      i <-- i+1
#^^^^^^ source.psg
#      ^ source.psg variable.other.glossomathia
#       ^ source.psg
#        ^^^ source.psg keyword.operator.assignment.glossomathia
#           ^ source.psg
#            ^ source.psg variable.other.glossomathia
#             ^ source.psg keyword.operator.arithmetic.glossomathia
#              ^ source.psg constant.numeric.integer.glossomathia
>    ΤΕΛΟΣ_ΑΝ
#^^^^ source.psg
#    ^^^^^^^^ source.psg keyword.control.conditional.glossomathia
>  ΤΕΛΟΣ_ΕΠΑΝΑΛΗΨΗΣ
#^^ source.psg
#  ^^^^^^^^^^^^^^^^ source.psg keyword.control.loop.glossomathia
>
>  ΑΝ βρέθηκε=ΑΛΗΘΗΣ ΤΟΤΕ
#^^ source.psg
#  ^^ source.psg keyword.control.conditional.glossomathia
#    ^ source.psg
#     ^^^^^^^ source.psg variable.other.glossomathia
#            ^ source.psg keyword.operator.comparison.glossomathia
#             ^^^^^^ source.psg constant.language.boolean.glossomathia
#                   ^ source.psg
#                    ^^^^ source.psg keyword.control.conditional.glossomathia
>    ΓΡΑΨΕ 'Η τιμή', ζητ_τιμή, 'βρέθηκε στη θέση', θέση
#^^^^ source.psg
#    ^^^^^ source.psg support.function.io.glossomathia
#         ^ source.psg
#          ^ source.psg string.quoted.single.glossomathia punctuation.definition.string.begin.glossomathia
#           ^^^^^^ source.psg string.quoted.single.glossomathia string.quoted.single.glossomathia
#                 ^ source.psg string.quoted.single.glossomathia punctuation.definition.string.end.glossomathia
#                  ^ source.psg punctuation.separator.comma.glossomathia
#                   ^ source.psg
#                    ^^^^^^^^ source.psg variable.other.glossomathia
#                            ^ source.psg punctuation.separator.comma.glossomathia
#                             ^ source.psg
#                              ^ source.psg string.quoted.single.glossomathia punctuation.definition.string.begin.glossomathia
#                               ^^^^^^^^^^^^^^^^ source.psg string.quoted.single.glossomathia string.quoted.single.glossomathia
#                                               ^ source.psg string.quoted.single.glossomathia punctuation.definition.string.end.glossomathia
#                                                ^ source.psg punctuation.separator.comma.glossomathia
#                                                 ^ source.psg
#                                                  ^^^^ source.psg variable.other.glossomathia
>  ΑΛΛΙΩΣ
#^^ source.psg
#  ^^^^^^ source.psg keyword.control.conditional.glossomathia
>    ΓΡΑΨΕ 'Η τιμή', ζητ_τιμή, 'δε βρέθηκε στον πίνακα'
#^^^^ source.psg
#    ^^^^^ source.psg support.function.io.glossomathia
#         ^ source.psg
#          ^ source.psg string.quoted.single.glossomathia punctuation.definition.string.begin.glossomathia
#           ^^^^^^ source.psg string.quoted.single.glossomathia string.quoted.single.glossomathia
#                 ^ source.psg string.quoted.single.glossomathia punctuation.definition.string.end.glossomathia
#                  ^ source.psg punctuation.separator.comma.glossomathia
#                   ^ source.psg
#                    ^^^^^^^^ source.psg variable.other.glossomathia
#                            ^ source.psg punctuation.separator.comma.glossomathia
#                             ^ source.psg
#                              ^ source.psg string.quoted.single.glossomathia punctuation.definition.string.begin.glossomathia
#                               ^^^^^^^^^^^^^^^^^^^^^^ source.psg string.quoted.single.glossomathia string.quoted.single.glossomathia
#                                                     ^ source.psg string.quoted.single.glossomathia punctuation.definition.string.end.glossomathia
>  ΤΕΛΟΣ_ΑΝ
#^^ source.psg
#  ^^^^^^^^ source.psg keyword.control.conditional.glossomathia
>
>  ! πρόσθετη κάλυψη βασικής σύνταξης
#^^ source.psg
#  ^^^^^^^^^^^^^^^^^^^^^^^^^^^^^^^^^^ source.psg comment.line.exclamation.glossomathia
>  α <-- 12
#^^ source.psg
#  ^ source.psg variable.other.glossomathia
#   ^ source.psg
#    ^^^ source.psg keyword.operator.assignment.glossomathia
#       ^ source.psg
#        ^^ source.psg constant.numeric.integer.glossomathia
>  β <-- 5
#^^ source.psg
#  ^ source.psg variable.other.glossomathia
#   ^ source.psg
#    ^^^ source.psg keyword.operator.assignment.glossomathia
#       ^ source.psg
#        ^ source.psg constant.numeric.integer.glossomathia
>  x <-- 4.5
#^^ source.psg
#  ^ source.psg variable.other.glossomathia
#   ^ source.psg
#    ^^^ source.psg keyword.operator.assignment.glossomathia
#       ^ source.psg
#        ^^^ source.psg constant.numeric.float.glossomathia
>  y <-- 2.0
#^^ source.psg
#  ^ source.psg variable.other.glossomathia
#   ^ source.psg
#    ^^^ source.psg keyword.operator.assignment.glossomathia
#       ^ source.psg
#        ^^^ source.psg constant.numeric.float.glossomathia
>  όνομα <-- 'Άννα'
#^^ source.psg
#  ^^^^^ source.psg variable.other.glossomathia
#       ^ source.psg
#        ^^^ source.psg keyword.operator.assignment.glossomathia
#           ^ source.psg
#            ^ source.psg string.quoted.single.glossomathia punctuation.definition.string.begin.glossomathia
#             ^^^^ source.psg string.quoted.single.glossomathia string.quoted.single.glossomathia
#                 ^ source.psg string.quoted.single.glossomathia punctuation.definition.string.end.glossomathia
>  κείμενο <-- ΜΗΝΥΜΑ
#^^ source.psg
#  ^^^^^^^ source.psg variable.other.glossomathia
#         ^ source.psg
#          ^^^ source.psg keyword.operator.assignment.glossomathia
#             ^ source.psg
#              ^^^^^^ source.psg variable.other.glossomathia
>  έγκυρο <-- ΕΝΕΡΓΟ
#^^ source.psg
#  ^^^^^^ source.psg variable.other.glossomathia
#        ^ source.psg
#         ^^^ source.psg keyword.operator.assignment.glossomathia
#            ^ source.psg
#             ^^^^^^ source.psg variable.other.glossomathia
>
>  αποτέλεσμα <-- α DIV β
#^^ source.psg
#  ^^^^^^^^^^ source.psg variable.other.glossomathia
#            ^ source.psg
#             ^^^ source.psg keyword.operator.assignment.glossomathia
#                ^ source.psg
#                 ^ source.psg variable.other.glossomathia
#                  ^ source.psg
#                   ^^^ source.psg keyword.operator.word.glossomathia
#                      ^ source.psg
#                       ^ source.psg variable.other.glossomathia
>  αποτέλεσμα <-- α MOD β
#^^ source.psg
#  ^^^^^^^^^^ source.psg variable.other.glossomathia
#            ^ source.psg
#             ^^^ source.psg keyword.operator.assignment.glossomathia
#                ^ source.psg
#                 ^ source.psg variable.other.glossomathia
#                  ^ source.psg
#                   ^^^ source.psg keyword.operator.word.glossomathia
#                      ^ source.psg
#                       ^ source.psg variable.other.glossomathia
>  z <-- α^2 + x / y - β
#^^ source.psg
#  ^ source.psg variable.other.glossomathia
#   ^ source.psg
#    ^^^ source.psg keyword.operator.assignment.glossomathia
#       ^ source.psg
#        ^ source.psg variable.other.glossomathia
#         ^ source.psg keyword.operator.arithmetic.glossomathia
#          ^ source.psg constant.numeric.integer.glossomathia
#           ^ source.psg
#            ^ source.psg keyword.operator.arithmetic.glossomathia
#             ^ source.psg
#              ^ source.psg variable.other.glossomathia
#               ^ source.psg
#                ^ source.psg keyword.operator.arithmetic.glossomathia
#                 ^ source.psg
#                  ^ source.psg variable.other.glossomathia
#                   ^ source.psg
#                    ^ source.psg keyword.operator.arithmetic.glossomathia
#                     ^ source.psg
#                      ^ source.psg variable.other.glossomathia
>  ΓΡΑΨΕ_ 'Αποτέλεσμα: '
#^^ source.psg
#  ^^^^^^ source.psg support.function.io.glossomathia
#        ^ source.psg
#         ^ source.psg string.quoted.single.glossomathia punctuation.definition.string.begin.glossomathia
#          ^^^^^^^^^^^^ source.psg string.quoted.single.glossomathia string.quoted.single.glossomathia
#                      ^ source.psg string.quoted.single.glossomathia punctuation.definition.string.end.glossomathia
>  ΓΡΑΨΕ z:8:2
#^^ source.psg
#  ^^^^^ source.psg support.function.io.glossomathia
#       ^ source.psg
#        ^ source.psg variable.other.glossomathia
#         ^ source.psg punctuation.separator.colon.glossomathia
#          ^ source.psg constant.numeric.integer.glossomathia
#           ^ source.psg punctuation.separator.colon.glossomathia
#            ^ source.psg constant.numeric.integer.glossomathia
>
>  ΑΝ α >= β ΚΑΙ ΟΧΙ β = 0 ΤΟΤΕ
#^^ source.psg
#  ^^ source.psg keyword.control.conditional.glossomathia
#    ^ source.psg
#     ^ source.psg variable.other.glossomathia
#      ^ source.psg
#       ^^ source.psg keyword.operator.comparison.glossomathia
#         ^ source.psg
#          ^ source.psg variable.other.glossomathia
#           ^ source.psg
#            ^^^ source.psg keyword.operator.word.glossomathia
#               ^ source.psg
#                ^^^ source.psg keyword.operator.word.glossomathia
#                   ^ source.psg
#                    ^ source.psg variable.other.glossomathia
#                     ^ source.psg
#                      ^ source.psg keyword.operator.comparison.glossomathia
#                       ^ source.psg
#                        ^ source.psg constant.numeric.integer.glossomathia
#                         ^ source.psg
#                          ^^^^ source.psg keyword.control.conditional.glossomathia
>    ΓΡΑΨΕ 'α >= β'
#^^^^ source.psg
#    ^^^^^ source.psg support.function.io.glossomathia
#         ^ source.psg
#          ^ source.psg string.quoted.single.glossomathia punctuation.definition.string.begin.glossomathia
#           ^^^^^^ source.psg string.quoted.single.glossomathia string.quoted.single.glossomathia
#                 ^ source.psg string.quoted.single.glossomathia punctuation.definition.string.end.glossomathia
>  ΑΛΛΙΩΣ_ΑΝ α <= β Ή α <> 0 ΤΟΤΕ
#^^ source.psg
#  ^^^^^^^^^ source.psg keyword.control.conditional.glossomathia
#           ^ source.psg
#            ^ source.psg variable.other.glossomathia
#             ^ source.psg
#              ^^ source.psg keyword.operator.comparison.glossomathia
#                ^ source.psg
#                 ^ source.psg variable.other.glossomathia
#                  ^ source.psg
#                   ^ source.psg keyword.operator.word.glossomathia
#                    ^ source.psg
#                     ^ source.psg variable.other.glossomathia
#                      ^ source.psg
#                       ^^ source.psg keyword.operator.comparison.glossomathia
#                         ^ source.psg
#                          ^ source.psg constant.numeric.integer.glossomathia
#                           ^ source.psg
#                            ^^^^ source.psg keyword.control.conditional.glossomathia
>    ΓΡΑΨΕ 'άλλη συνθήκη'
#^^^^ source.psg
#    ^^^^^ source.psg support.function.io.glossomathia
#         ^ source.psg
#          ^ source.psg string.quoted.single.glossomathia punctuation.definition.string.begin.glossomathia
#           ^^^^^^^^^^^^ source.psg string.quoted.single.glossomathia string.quoted.single.glossomathia
#                       ^ source.psg string.quoted.single.glossomathia punctuation.definition.string.end.glossomathia
>  ΑΛΛΙΩΣ
#^^ source.psg
#  ^^^^^^ source.psg keyword.control.conditional.glossomathia
>    ΓΡΑΨΕ 'καμία συνθήκη'
#^^^^ source.psg
#    ^^^^^ source.psg support.function.io.glossomathia
#         ^ source.psg
#          ^ source.psg string.quoted.single.glossomathia punctuation.definition.string.begin.glossomathia
#           ^^^^^^^^^^^^^ source.psg string.quoted.single.glossomathia string.quoted.single.glossomathia
#                        ^ source.psg string.quoted.single.glossomathia punctuation.definition.string.end.glossomathia
>  ΤΕΛΟΣ_ΑΝ
#^^ source.psg
#  ^^^^^^^^ source.psg keyword.control.conditional.glossomathia
>
>  ΕΠΙΛΕΞΕ α
#^^ source.psg
#  ^^^^^^^ source.psg keyword.control.switch.glossomathia
#         ^ source.psg
#          ^ source.psg variable.other.glossomathia
>    ΠΕΡΙΠΤΩΣΗ 1..9
#^^^^ source.psg
#    ^^^^^^^^^ source.psg keyword.control.switch.glossomathia
#             ^ source.psg
#              ^ source.psg constant.numeric.integer.glossomathia
#               ^^ source.psg keyword.operator.range.glossomathia
#                 ^ source.psg constant.numeric.integer.glossomathia
>      ΓΡΑΨΕ 'μονοψήφιος'
#^^^^^^ source.psg
#      ^^^^^ source.psg support.function.io.glossomathia
#           ^ source.psg
#            ^ source.psg string.quoted.single.glossomathia punctuation.definition.string.begin.glossomathia
#             ^^^^^^^^^^ source.psg string.quoted.single.glossomathia string.quoted.single.glossomathia
#                       ^ source.psg string.quoted.single.glossomathia punctuation.definition.string.end.glossomathia
>    ΠΕΡΙΠΤΩΣΗ 10..99, 100
#^^^^ source.psg
#    ^^^^^^^^^ source.psg keyword.control.switch.glossomathia
#             ^ source.psg
#              ^^ source.psg constant.numeric.integer.glossomathia
#                ^^ source.psg keyword.operator.range.glossomathia
#                  ^^ source.psg constant.numeric.integer.glossomathia
#                    ^ source.psg punctuation.separator.comma.glossomathia
#                     ^ source.psg
#                      ^^^ source.psg constant.numeric.integer.glossomathia
>      ΓΡΑΨΕ 'διψήφιος ή εκατό'
#^^^^^^ source.psg
#      ^^^^^ source.psg support.function.io.glossomathia
#           ^ source.psg
#            ^ source.psg string.quoted.single.glossomathia punctuation.definition.string.begin.glossomathia
#             ^^^^^^^^^^^^^^^^ source.psg string.quoted.single.glossomathia string.quoted.single.glossomathia
#                             ^ source.psg string.quoted.single.glossomathia punctuation.definition.string.end.glossomathia
>    ΠΕΡΙΠΤΩΣΗ ΑΛΛΙΩΣ
#^^^^ source.psg
#    ^^^^^^^^^ source.psg keyword.control.switch.glossomathia
#             ^ source.psg
#              ^^^^^^ source.psg keyword.control.default.glossomathia
>      ΓΡΑΨΕ 'άλλη περίπτωση'
#^^^^^^ source.psg
#      ^^^^^ source.psg support.function.io.glossomathia
#           ^ source.psg
#            ^ source.psg string.quoted.single.glossomathia punctuation.definition.string.begin.glossomathia
#             ^^^^^^^^^^^^^^ source.psg string.quoted.single.glossomathia string.quoted.single.glossomathia
#                           ^ source.psg string.quoted.single.glossomathia punctuation.definition.string.end.glossomathia
>  ΤΕΛΟΣ_ΕΠΙΛΟΓΩΝ
#^^ source.psg
#  ^^^^^^^^^^^^^^ source.psg keyword.control.switch.glossomathia
>
>  ΓΙΑ i ΑΠΟ 10 ΜΕΧΡΙ 1 ΜΕ ΒΗΜΑ -1
#^^ source.psg
#  ^^^ source.psg keyword.control.loop.glossomathia
#     ^ source.psg
#      ^ source.psg variable.other.glossomathia
#       ^ source.psg
#        ^^^ source.psg keyword.control.loop.glossomathia
#           ^ source.psg
#            ^^ source.psg constant.numeric.integer.glossomathia
#              ^ source.psg
#               ^^^^^ source.psg keyword.control.loop.glossomathia
#                    ^ source.psg
#                     ^ source.psg constant.numeric.integer.glossomathia
#                      ^ source.psg
#                       ^^ source.psg keyword.control.loop.glossomathia
#                         ^ source.psg
#                          ^^^^ source.psg keyword.control.loop.glossomathia
#                              ^ source.psg
#                               ^ source.psg keyword.operator.arithmetic.glossomathia
#                                ^ source.psg constant.numeric.integer.glossomathia
>    ΓΡΑΨΕ i
#^^^^ source.psg
#    ^^^^^ source.psg support.function.io.glossomathia
#         ^ source.psg
#          ^ source.psg variable.other.glossomathia
>  ΤΕΛΟΣ_ΕΠΑΝΑΛΗΨΗΣ
#^^ source.psg
#  ^^^^^^^^^^^^^^^^ source.psg keyword.control.loop.glossomathia
>
>  ΑΡΧΗ_ΕΠΑΝΑΛΗΨΗΣ
#^^ source.psg
#  ^^^^^^^^^^^^^^^ source.psg keyword.control.loop.glossomathia
>    ΓΡΑΨΕ 'Δώσε θετικό αριθμό:'
#^^^^ source.psg
#    ^^^^^ source.psg support.function.io.glossomathia
#         ^ source.psg
#          ^ source.psg string.quoted.single.glossomathia punctuation.definition.string.begin.glossomathia
#           ^^^^^^^^^^^^^^^^^^^ source.psg string.quoted.single.glossomathia string.quoted.single.glossomathia
#                              ^ source.psg string.quoted.single.glossomathia punctuation.definition.string.end.glossomathia
>    ΔΙΑΒΑΣΕ α
#^^^^ source.psg
#    ^^^^^^^ source.psg support.function.io.glossomathia
#           ^ source.psg
#            ^ source.psg variable.other.glossomathia
>  ΜΕΧΡΙΣ_ΟΤΟΥ α > 0
#^^ source.psg
#  ^^^^^^^^^^^ source.psg keyword.control.loop.glossomathia
#             ^ source.psg
#              ^ source.psg variable.other.glossomathia
#               ^ source.psg
#                ^ source.psg keyword.operator.comparison.glossomathia
#                 ^ source.psg
#                  ^ source.psg constant.numeric.integer.glossomathia
>
>  z <-- ΗΜ(x) + ΣΥΝ(x) + ΕΦ(x)
#^^ source.psg
#  ^ source.psg variable.other.glossomathia
#   ^ source.psg
#    ^^^ source.psg keyword.operator.assignment.glossomathia
#       ^ source.psg
#        ^^ source.psg support.function.builtin.glossomathia
#          ^ source.psg punctuation.section.group.begin.glossomathia
#           ^ source.psg variable.other.glossomathia
#            ^ source.psg punctuation.section.group.end.glossomathia
#             ^ source.psg
#              ^ source.psg keyword.operator.arithmetic.glossomathia
#               ^ source.psg
#                ^^^ source.psg support.function.builtin.glossomathia
#                   ^ source.psg punctuation.section.group.begin.glossomathia
#                    ^ source.psg variable.other.glossomathia
#                     ^ source.psg punctuation.section.group.end.glossomathia
#                      ^ source.psg
#                       ^ source.psg keyword.operator.arithmetic.glossomathia
#                        ^ source.psg
#                         ^^ source.psg support.function.builtin.glossomathia
#                           ^ source.psg punctuation.section.group.begin.glossomathia
#                            ^ source.psg variable.other.glossomathia
#                             ^ source.psg punctuation.section.group.end.glossomathia
>  z <-- Τ_Ρ(x) + Α_Μ(x) + Α_Τ(-x)
#^^ source.psg
#  ^ source.psg variable.other.glossomathia
#   ^ source.psg
#    ^^^ source.psg keyword.operator.assignment.glossomathia
#       ^ source.psg
#        ^^^ source.psg support.function.builtin.glossomathia
#           ^ source.psg punctuation.section.group.begin.glossomathia
#            ^ source.psg variable.other.glossomathia
#             ^ source.psg punctuation.section.group.end.glossomathia
#              ^ source.psg
#               ^ source.psg keyword.operator.arithmetic.glossomathia
#                ^ source.psg
#                 ^^^ source.psg support.function.builtin.glossomathia
#                    ^ source.psg punctuation.section.group.begin.glossomathia
#                     ^ source.psg variable.other.glossomathia
#                      ^ source.psg punctuation.section.group.end.glossomathia
#                       ^ source.psg
#                        ^ source.psg keyword.operator.arithmetic.glossomathia
#                         ^ source.psg
#                          ^^^ source.psg support.function.builtin.glossomathia
#                             ^ source.psg punctuation.section.group.begin.glossomathia
#                              ^ source.psg keyword.operator.arithmetic.glossomathia
#                               ^ source.psg variable.other.glossomathia
#                                ^ source.psg punctuation.section.group.end.glossomathia
>  z <-- ΛΟΓ(x) + Ε(x)
#^^ source.psg
#  ^ source.psg variable.other.glossomathia
#   ^ source.psg
#    ^^^ source.psg keyword.operator.assignment.glossomathia
#       ^ source.psg
#        ^^^ source.psg support.function.builtin.glossomathia
#           ^ source.psg punctuation.section.group.begin.glossomathia
#            ^ source.psg variable.other.glossomathia
#             ^ source.psg punctuation.section.group.end.glossomathia
#              ^ source.psg
#               ^ source.psg keyword.operator.arithmetic.glossomathia
#                ^ source.psg
#                 ^ source.psg support.function.builtin.glossomathia
#                  ^ source.psg punctuation.section.group.begin.glossomathia
#                   ^ source.psg variable.other.glossomathia
#                    ^ source.psg punctuation.section.group.end.glossomathia
>  ΓΡΑΨΕ z
#^^ source.psg
#  ^^^^^ source.psg support.function.io.glossomathia
#       ^ source.psg
#        ^ source.psg variable.other.glossomathia
>
>  ΚΑΛΕΣΕ Διπλασίασε(α)
#^^ source.psg
#  ^^^^^^ source.psg keyword.other.subprogram.glossomathia
#        ^ source.psg
#         ^^^^^^^^^^ source.psg entity.name.function.call.glossomathia
#                   ^ source.psg punctuation.section.group.begin.glossomathia
#                    ^ source.psg variable.other.glossomathia
#                     ^ source.psg punctuation.section.group.end.glossomathia
>  αποτέλεσμα <-- Κύβος(β)
#^^ source.psg
#  ^^^^^^^^^^ source.psg variable.other.glossomathia
#            ^ source.psg
#             ^^^ source.psg keyword.operator.assignment.glossomathia
#                ^ source.psg
#                 ^^^^^ source.psg entity.name.function.call.glossomathia
#                      ^ source.psg punctuation.section.group.begin.glossomathia
#                       ^ source.psg variable.other.glossomathia
#                        ^ source.psg punctuation.section.group.end.glossomathia
>  ΓΡΑΨΕ α, αποτέλεσμα
#^^ source.psg
#  ^^^^^ source.psg support.function.io.glossomathia
#       ^ source.psg
#        ^ source.psg variable.other.glossomathia
#         ^ source.psg punctuation.separator.comma.glossomathia
#          ^ source.psg
#           ^^^^^^^^^^ source.psg variable.other.glossomathia
>
>ΤΕΛΟΣ_ΠΡΟΓΡΑΜΜΑΤΟΣ Εύρεση_τιμής_σε_πίνακα
#^^^^^^^^^^^^^^^^^^ source.psg keyword.other.program.glossomathia
#                  ^ source.psg
#                   ^^^^^^^^^^^^^^^^^^^^^^ source.psg variable.other.glossomathia
>